[{"contents":
  [{"typeinfo": null,
    "semanticType": "Keyword",
    "raw": "theorem",
    "link": null,
    "docstring": null,
    "_type": "token"},
   {"typeinfo": null,
    "semanticType": null,
    "raw": " ",
    "link": null,
    "docstring": null,
    "_type": "token"},
   {"typeinfo":
    {"type": "‚àÄ (p q : Prop), p ‚Üí q ‚Üí p ‚àß q ‚àß p",
     "name": "test",
     "_type": "typeinfo"},
    "semanticType": "Name.Variable",
    "raw": "test",
    "link": null,
    "docstring": null,
    "_type": "token"},
   {"typeinfo": null,
    "semanticType": null,
    "raw": " (",
    "link": null,
    "docstring": null,
    "_type": "token"},
   {"typeinfo": {"type": "Prop", "name": "p", "_type": "typeinfo"},
    "semanticType": "Name.Variable",
    "raw": "p",
    "link": null,
    "docstring": null,
    "_type": "token"},
   {"typeinfo": null,
    "semanticType": null,
    "raw": " ",
    "link": null,
    "docstring": null,
    "_type": "token"},
   {"typeinfo": {"type": "Prop", "name": "q", "_type": "typeinfo"},
    "semanticType": "Name.Variable",
    "raw": "q",
    "link": null,
    "docstring": null,
    "_type": "token"},
   {"typeinfo": null,
    "semanticType": null,
    "raw": " : ",
    "link": null,
    "docstring": null,
    "_type": "token"},
   {"typeinfo": {"type": "Type", "name": "Prop", "_type": "typeinfo"},
    "semanticType": null,
    "raw": "Prop",
    "link": null,
    "docstring": null,
    "_type": "token"},
   {"typeinfo": null,
    "semanticType": null,
    "raw": ") (",
    "link": null,
    "docstring": null,
    "_type": "token"},
   {"typeinfo": {"type": "p", "name": "hp", "_type": "typeinfo"},
    "semanticType": "Name.Variable",
    "raw": "hp",
    "link": null,
    "docstring": null,
    "_type": "token"},
   {"typeinfo": null,
    "semanticType": null,
    "raw": " : ",
    "link": null,
    "docstring": null,
    "_type": "token"},
   {"typeinfo": {"type": "Prop", "name": "p", "_type": "typeinfo"},
    "semanticType": "Name.Variable",
    "raw": "p",
    "link": null,
    "docstring": null,
    "_type": "token"},
   {"typeinfo": null,
    "semanticType": null,
    "raw": ") (",
    "link": null,
    "docstring": null,
    "_type": "token"},
   {"typeinfo": {"type": "q", "name": "hq", "_type": "typeinfo"},
    "semanticType": "Name.Variable",
    "raw": "hq",
    "link": null,
    "docstring": null,
    "_type": "token"},
   {"typeinfo": null,
    "semanticType": null,
    "raw": " : ",
    "link": null,
    "docstring": null,
    "_type": "token"},
   {"typeinfo": {"type": "Prop", "name": "q", "_type": "typeinfo"},
    "semanticType": "Name.Variable",
    "raw": "q",
    "link": null,
    "docstring": null,
    "_type": "token"},
   {"typeinfo": null,
    "semanticType": null,
    "raw": ") : ",
    "link": null,
    "docstring": null,
    "_type": "token"},
   {"typeinfo": {"type": "Prop", "name": "p", "_type": "typeinfo"},
    "semanticType": "Name.Variable",
    "raw": "p",
    "link": null,
    "docstring": null,
    "_type": "token"},
   {"typeinfo": null,
    "semanticType": null,
    "raw": " ‚àß ",
    "link": null,
    "docstring": null,
    "_type": "token"},
   {"typeinfo": {"type": "Prop", "name": "q", "_type": "typeinfo"},
    "semanticType": "Name.Variable",
    "raw": "q",
    "link": null,
    "docstring": null,
    "_type": "token"},
   {"typeinfo": null,
    "semanticType": null,
    "raw": " ‚àß ",
    "link": null,
    "docstring": null,
    "_type": "token"},
   {"typeinfo": {"type": "Prop", "name": "p", "_type": "typeinfo"},
    "semanticType": "Name.Variable",
    "raw": "p",
    "link": null,
    "docstring": null,
    "_type": "token"},
   {"typeinfo": null,
    "semanticType": null,
    "raw": " := ",
    "link": null,
    "docstring": null,
    "_type": "token"}],
  "_type": "text"},
 {"messages": [],
  "goals":
  [{"name": "",
    "hypotheses":
    [{"type": "Prop", "names": ["p", "q"], "body": "", "_type": "hypothesis"},
     {"type": "p", "names": ["hp"], "body": "", "_type": "hypothesis"},
     {"type": "q", "names": ["hq"], "body": "", "_type": "hypothesis"}],
    "conclusion": "p ‚àß q ‚àß p",
    "_type": "goal"}],
  "contents":
  [{"typeinfo": null,
    "semanticType": "Keyword",
    "raw": "by",
    "link": null,
    "docstring": null,
    "_type": "token"},
   {"typeinfo": null,
    "semanticType": null,
    "raw": "\n  ",
    "link": null,
    "docstring": null,
    "_type": "token"}],
  "_type": "sentence"},
 {"messages": [],
  "goals":
  [{"name": "",
    "hypotheses":
    [{"type": "Prop", "names": ["p", "q"], "body": "", "_type": "hypothesis"},
     {"type": "p", "names": ["hp"], "body": "", "_type": "hypothesis"},
     {"type": "q", "names": ["hq"], "body": "", "_type": "hypothesis"}],
    "conclusion": "q ‚àß p",
    "_type": "goal"}],
  "contents":
  [{"typeinfo": null,
    "semanticType": "Keyword",
    "raw": "apply",
    "link": null,
    "docstring":
    "`apply e` tries to match the current goal against the conclusion of `e`'s type.\nIf it succeeds, then the tactic returns as many subgoals as the number of premises that\nhave not been fixed by type inference or type class resolution.\nNon-dependent premises are added before dependent ones.\n\nThe `apply` tactic uses higher-order pattern matching, type class resolution, and first-order unification with dependent types.\n",
    "_type": "token"},
   {"typeinfo": null,
    "semanticType": null,
    "raw": " ",
    "link": null,
    "docstring":
    "`apply e` tries to match the current goal against the conclusion of `e`'s type.\nIf it succeeds, then the tactic returns as many subgoals as the number of premises that\nhave not been fixed by type inference or type class resolution.\nNon-dependent premises are added before dependent ones.\n\nThe `apply` tactic uses higher-order pattern matching, type class resolution, and first-order unification with dependent types.\n",
    "_type": "token"},
   {"typeinfo":
    {"type": "‚àÄ {a b : Prop}, a ‚Üí b ‚Üí a ‚àß b",
     "name": "And.intro",
     "_type": "typeinfo"},
    "semanticType": null,
    "raw": "And.intro",
    "link": null,
    "docstring": null,
    "_type": "token"},
   {"typeinfo": null,
    "semanticType": null,
    "raw": " ",
    "link": null,
    "docstring":
    "`apply e` tries to match the current goal against the conclusion of `e`'s type.\nIf it succeeds, then the tactic returns as many subgoals as the number of premises that\nhave not been fixed by type inference or type class resolution.\nNon-dependent premises are added before dependent ones.\n\nThe `apply` tactic uses higher-order pattern matching, type class resolution, and first-order unification with dependent types.\n",
    "_type": "token"},
   {"typeinfo": {"type": "p", "name": "hp", "_type": "typeinfo"},
    "semanticType": "Name.Variable",
    "raw": "hp",
    "link": null,
    "docstring": null,
    "_type": "token"}],
  "_type": "sentence"},
 {"messages": [],
  "goals":
  [{"name": "",
    "hypotheses":
    [{"type": "Prop", "names": ["p", "q"], "body": "", "_type": "hypothesis"},
     {"type": "p", "names": ["hp"], "body": "", "_type": "hypothesis"},
     {"type": "q", "names": ["hq"], "body": "", "_type": "hypothesis"}],
    "conclusion": "p ‚àß q ‚àß p",
    "_type": "goal"}],
  "contents":
  [{"typeinfo": null,
    "semanticType": null,
    "raw": "\n  ",
    "link": null,
    "docstring": null,
    "_type": "token"}],
  "_type": "sentence"},
 {"messages": [],
  "goals":
  [{"name": "",
    "hypotheses": [],
    "conclusion": "Goals accomplished! üêô",
    "_type": "goal"}],
  "contents":
  [{"typeinfo": null,
    "semanticType": "Keyword",
    "raw": "exact",
    "link": null,
    "docstring":
    "`exact e` closes the main goal if its target type matches that of `e`.\n",
    "_type": "token"},
   {"typeinfo": null,
    "semanticType": null,
    "raw": " ",
    "link": null,
    "docstring":
    "`exact e` closes the main goal if its target type matches that of `e`.\n",
    "_type": "token"},
   {"typeinfo":
    {"type": "‚àÄ {a b : Prop}, a ‚Üí b ‚Üí a ‚àß b",
     "name": "And.intro",
     "_type": "typeinfo"},
    "semanticType": null,
    "raw": "And.intro",
    "link": null,
    "docstring": null,
    "_type": "token"},
   {"typeinfo": null,
    "semanticType": null,
    "raw": " ",
    "link": null,
    "docstring":
    "`exact e` closes the main goal if its target type matches that of `e`.\n",
    "_type": "token"},
   {"typeinfo": {"type": "q", "name": "hq", "_type": "typeinfo"},
    "semanticType": "Name.Variable",
    "raw": "hq",
    "link": null,
    "docstring": null,
    "_type": "token"},
   {"typeinfo": null,
    "semanticType": null,
    "raw": " ",
    "link": null,
    "docstring":
    "`exact e` closes the main goal if its target type matches that of `e`.\n",
    "_type": "token"},
   {"typeinfo": {"type": "p", "name": "hp", "_type": "typeinfo"},
    "semanticType": "Name.Variable",
    "raw": "hp",
    "link": null,
    "docstring": null,
    "_type": "token"}],
  "_type": "sentence"},
 {"contents": [], "_type": "text"}]