[{"contents":
  [{"typeinfo": null,
    "semanticType": null,
    "raw": "import Lean\n\n",
    "link": null,
    "docstring": null,
    "_type": "token"},
   {"typeinfo": null,
    "semanticType": "Keyword",
    "raw": "open",
    "link": null,
    "docstring": null,
    "_type": "token"},
   {"typeinfo": null,
    "semanticType": null,
    "raw": " Lean.Elab\n\n",
    "link": null,
    "docstring": null,
    "_type": "token"},
   {"typeinfo": null,
    "semanticType": "Keyword",
    "raw": "structure",
    "link": null,
    "docstring": null,
    "_type": "token"},
   {"typeinfo": null,
    "semanticType": null,
    "raw": " ",
    "link": null,
    "docstring": null,
    "_type": "token"},
   {"typeinfo": {"type": "Type", "name": "A", "_type": "typeinfo"},
    "semanticType": null,
    "raw": "A",
    "link": null,
    "docstring": null,
    "_type": "token"},
   {"typeinfo": null,
    "semanticType": null,
    "raw": " ",
    "link": null,
    "docstring": null,
    "_type": "token"},
   {"typeinfo": null,
    "semanticType": "Keyword",
    "raw": "where",
    "link": null,
    "docstring": null,
    "_type": "token"},
   {"typeinfo": null,
    "semanticType": null,
    "raw": "\n  ",
    "link": null,
    "docstring": null,
    "_type": "token"},
   {"typeinfo": {"type": "A → Nat → Nat", "name": "val", "_type": "typeinfo"},
    "semanticType": null,
    "raw": "val",
    "link": null,
    "docstring": null,
    "_type": "token"},
   {"typeinfo": null,
    "semanticType": null,
    "raw": " : ",
    "link": null,
    "docstring": null,
    "_type": "token"},
   {"typeinfo": {"type": "Type", "name": "Nat", "_type": "typeinfo"},
    "semanticType": null,
    "raw": "Nat",
    "link": null,
    "docstring": null,
    "_type": "token"},
   {"typeinfo": null,
    "semanticType": null,
    "raw": " → ",
    "link": null,
    "docstring": null,
    "_type": "token"},
   {"typeinfo": {"type": "Type", "name": "Nat", "_type": "typeinfo"},
    "semanticType": null,
    "raw": "Nat",
    "link": null,
    "docstring": null,
    "_type": "token"},
   {"typeinfo": null,
    "semanticType": null,
    "raw": "\n\n",
    "link": null,
    "docstring": null,
    "_type": "token"},
   {"typeinfo": null,
    "semanticType": "Keyword",
    "raw": "structure",
    "link": null,
    "docstring": null,
    "_type": "token"},
   {"typeinfo": null,
    "semanticType": null,
    "raw": " ",
    "link": null,
    "docstring": null,
    "_type": "token"},
   {"typeinfo": {"type": "A × A → B", "name": "B", "_type": "typeinfo"},
    "semanticType": null,
    "raw": "B",
    "link": null,
    "docstring": null,
    "_type": "token"},
   {"typeinfo": null,
    "semanticType": null,
    "raw": " ",
    "link": null,
    "docstring": null,
    "_type": "token"},
   {"typeinfo": null,
    "semanticType": "Keyword",
    "raw": "where",
    "link": null,
    "docstring": null,
    "_type": "token"},
   {"typeinfo": null,
    "semanticType": null,
    "raw": "\n  ",
    "link": null,
    "docstring": null,
    "_type": "token"},
   {"typeinfo": {"type": "B → A × A", "name": "pair", "_type": "typeinfo"},
    "semanticType": null,
    "raw": "pair",
    "link": null,
    "docstring": null,
    "_type": "token"},
   {"typeinfo": null,
    "semanticType": null,
    "raw": " : ",
    "link": null,
    "docstring": null,
    "_type": "token"},
   {"typeinfo": {"type": "Type", "name": "A", "_type": "typeinfo"},
    "semanticType": null,
    "raw": "A",
    "link": null,
    "docstring": null,
    "_type": "token"},
   {"typeinfo": null,
    "semanticType": null,
    "raw": " × ",
    "link": null,
    "docstring": null,
    "_type": "token"},
   {"typeinfo": {"type": "Type", "name": "A", "_type": "typeinfo"},
    "semanticType": null,
    "raw": "A",
    "link": null,
    "docstring": null,
    "_type": "token"},
   {"typeinfo": null,
    "semanticType": null,
    "raw": "\n\n",
    "link": null,
    "docstring": null,
    "_type": "token"},
   {"typeinfo": null,
    "semanticType": "Keyword",
    "raw": "def",
    "link": null,
    "docstring": null,
    "_type": "token"},
   {"typeinfo": null,
    "semanticType": null,
    "raw": " ",
    "link": null,
    "docstring": null,
    "_type": "token"},
   {"typeinfo": {"type": "Nat → Nat × Nat", "name": "f", "_type": "typeinfo"},
    "semanticType": "Name.Variable",
    "raw": "f",
    "link": null,
    "docstring": null,
    "_type": "token"},
   {"typeinfo": null,
    "semanticType": null,
    "raw": " (",
    "link": null,
    "docstring": null,
    "_type": "token"},
   {"typeinfo": {"type": "Nat", "name": "x", "_type": "typeinfo"},
    "semanticType": "Name.Variable",
    "raw": "x",
    "link": null,
    "docstring": null,
    "_type": "token"},
   {"typeinfo": null,
    "semanticType": null,
    "raw": " : ",
    "link": null,
    "docstring": null,
    "_type": "token"},
   {"typeinfo": {"type": "Type", "name": "Nat", "_type": "typeinfo"},
    "semanticType": null,
    "raw": "Nat",
    "link": null,
    "docstring": null,
    "_type": "token"},
   {"typeinfo": null,
    "semanticType": null,
    "raw": ") : ",
    "link": null,
    "docstring": null,
    "_type": "token"},
   {"typeinfo": {"type": "Type", "name": "Nat", "_type": "typeinfo"},
    "semanticType": null,
    "raw": "Nat",
    "link": null,
    "docstring": null,
    "_type": "token"},
   {"typeinfo": null,
    "semanticType": null,
    "raw": " × ",
    "link": null,
    "docstring": null,
    "_type": "token"},
   {"typeinfo": {"type": "Type", "name": "Nat", "_type": "typeinfo"},
    "semanticType": null,
    "raw": "Nat",
    "link": null,
    "docstring": null,
    "_type": "token"},
   {"typeinfo": null,
    "semanticType": null,
    "raw": " :=\n  ",
    "link": null,
    "docstring": null,
    "_type": "token"},
   {"typeinfo": null,
    "semanticType": "Keyword",
    "raw": "let",
    "link": null,
    "docstring": null,
    "_type": "token"},
   {"typeinfo": null,
    "semanticType": null,
    "raw": " ",
    "link": null,
    "docstring": null,
    "_type": "token"},
   {"typeinfo": {"type": "Nat × Nat", "name": "y", "_type": "typeinfo"},
    "semanticType": "Name.Variable",
    "raw": "y",
    "link": null,
    "docstring": null,
    "_type": "token"},
   {"typeinfo": null,
    "semanticType": null,
    "raw": " := ⟨",
    "link": null,
    "docstring": null,
    "_type": "token"},
   {"typeinfo": {"type": "Nat", "name": "x", "_type": "typeinfo"},
    "semanticType": "Name.Variable",
    "raw": "x",
    "link": null,
    "docstring": null,
    "_type": "token"},
   {"typeinfo": null,
    "semanticType": null,
    "raw": ", ",
    "link": null,
    "docstring": null,
    "_type": "token"},
   {"typeinfo": {"type": "Nat", "name": "x", "_type": "typeinfo"},
    "semanticType": "Name.Variable",
    "raw": "x",
    "link": null,
    "docstring": null,
    "_type": "token"},
   {"typeinfo": null,
    "semanticType": null,
    "raw": "⟩\n  ",
    "link": null,
    "docstring": null,
    "_type": "token"},
   {"typeinfo":
    {"type": "{α : Type} → α → α", "name": "id", "_type": "typeinfo"},
    "semanticType": null,
    "raw": "id",
    "link": null,
    "docstring": null,
    "_type": "token"},
   {"typeinfo": null,
    "semanticType": null,
    "raw": " ",
    "link": null,
    "docstring": null,
    "_type": "token"},
   {"typeinfo": {"type": "Nat × Nat", "name": "y", "_type": "typeinfo"},
    "semanticType": "Name.Variable",
    "raw": "y",
    "link": null,
    "docstring": null,
    "_type": "token"},
   {"typeinfo": null,
    "semanticType": null,
    "raw": "\n\n",
    "link": null,
    "docstring": null,
    "_type": "token"},
   {"typeinfo": null,
    "semanticType": "Keyword",
    "raw": "def",
    "link": null,
    "docstring": null,
    "_type": "token"},
   {"typeinfo": null,
    "semanticType": null,
    "raw": " ",
    "link": null,
    "docstring": null,
    "_type": "token"},
   {"typeinfo":
    {"type": "∀ (x y : Nat), Bool → x + 0 = x",
     "name": "h",
     "_type": "typeinfo"},
    "semanticType": "Name.Variable",
    "raw": "h",
    "link": null,
    "docstring": null,
    "_type": "token"},
   {"typeinfo": null,
    "semanticType": null,
    "raw": " : (",
    "link": null,
    "docstring": null,
    "_type": "token"},
   {"typeinfo": {"type": "Nat", "name": "x", "_type": "typeinfo"},
    "semanticType": "Name.Variable",
    "raw": "x",
    "link": null,
    "docstring": null,
    "_type": "token"},
   {"typeinfo": null,
    "semanticType": null,
    "raw": " ",
    "link": null,
    "docstring": null,
    "_type": "token"},
   {"typeinfo": {"type": "Nat", "name": "y", "_type": "typeinfo"},
    "semanticType": "Name.Variable",
    "raw": "y",
    "link": null,
    "docstring": null,
    "_type": "token"},
   {"typeinfo": null,
    "semanticType": null,
    "raw": " : ",
    "link": null,
    "docstring": null,
    "_type": "token"},
   {"typeinfo": {"type": "Type", "name": "Nat", "_type": "typeinfo"},
    "semanticType": null,
    "raw": "Nat",
    "link": null,
    "docstring": null,
    "_type": "token"},
   {"typeinfo": null,
    "semanticType": null,
    "raw": ") → (",
    "link": null,
    "docstring": null,
    "_type": "token"},
   {"typeinfo": {"type": "Bool", "name": "b", "_type": "typeinfo"},
    "semanticType": "Name.Variable",
    "raw": "b",
    "link": null,
    "docstring": null,
    "_type": "token"},
   {"typeinfo": null,
    "semanticType": null,
    "raw": " : ",
    "link": null,
    "docstring": null,
    "_type": "token"},
   {"typeinfo": {"type": "Type", "name": "Bool", "_type": "typeinfo"},
    "semanticType": null,
    "raw": "Bool",
    "link": null,
    "docstring": null,
    "_type": "token"},
   {"typeinfo": null,
    "semanticType": null,
    "raw": ") → ",
    "link": null,
    "docstring": null,
    "_type": "token"},
   {"typeinfo": {"type": "Nat", "name": "x", "_type": "typeinfo"},
    "semanticType": "Name.Variable",
    "raw": "x",
    "link": null,
    "docstring": null,
    "_type": "token"},
   {"typeinfo": null,
    "semanticType": null,
    "raw": " + ",
    "link": null,
    "docstring": null,
    "_type": "token"},
   {"typeinfo": {"type": "Nat", "name": "0", "_type": "typeinfo"},
    "semanticType": null,
    "raw": "0",
    "link": null,
    "docstring": null,
    "_type": "token"},
   {"typeinfo": null,
    "semanticType": null,
    "raw": " = ",
    "link": null,
    "docstring": null,
    "_type": "token"},
   {"typeinfo": {"type": "Nat", "name": "x", "_type": "typeinfo"},
    "semanticType": "Name.Variable",
    "raw": "x",
    "link": null,
    "docstring": null,
    "_type": "token"},
   {"typeinfo": null,
    "semanticType": null,
    "raw": " :=\n  ",
    "link": null,
    "docstring": null,
    "_type": "token"},
   {"typeinfo": null,
    "semanticType": "Keyword",
    "raw": "fun",
    "link": null,
    "docstring": null,
    "_type": "token"},
   {"typeinfo": null,
    "semanticType": null,
    "raw": " ",
    "link": null,
    "docstring": null,
    "_type": "token"},
   {"typeinfo": {"type": "Nat", "name": "x", "_type": "typeinfo"},
    "semanticType": "Name.Variable",
    "raw": "x",
    "link": null,
    "docstring": null,
    "_type": "token"},
   {"typeinfo": null,
    "semanticType": null,
    "raw": " ",
    "link": null,
    "docstring": null,
    "_type": "token"},
   {"typeinfo": {"type": "Nat", "name": "y", "_type": "typeinfo"},
    "semanticType": "Name.Variable",
    "raw": "y",
    "link": null,
    "docstring": null,
    "_type": "token"},
   {"typeinfo": null,
    "semanticType": null,
    "raw": " ",
    "link": null,
    "docstring": null,
    "_type": "token"},
   {"typeinfo": {"type": "Bool", "name": "b", "_type": "typeinfo"},
    "semanticType": "Name.Variable",
    "raw": "b",
    "link": null,
    "docstring": null,
    "_type": "token"},
   {"typeinfo": null,
    "semanticType": null,
    "raw": " => ",
    "link": null,
    "docstring": null,
    "_type": "token"}],
  "_type": "text"},
 {"messages": [],
  "goals":
  [{"name": "",
    "hypotheses":
    [{"type": "Nat", "names": ["x", "y"], "body": "", "_type": "hypothesis"},
     {"type": "Bool", "names": ["b"], "body": "", "_type": "hypothesis"}],
    "conclusion": "x + 0 = x",
    "_type": "goal"}],
  "contents":
  [{"typeinfo": null,
    "semanticType": "Keyword",
    "raw": "by",
    "link": null,
    "docstring": null,
    "_type": "token"},
   {"typeinfo": null,
    "semanticType": null,
    "raw": "\n    ",
    "link": null,
    "docstring": null,
    "_type": "token"}],
  "_type": "sentence"},
 {"messages": [],
  "goals":
  [{"name": "",
    "hypotheses": [],
    "conclusion": "Goals accomplished! 🐙",
    "_type": "goal"}],
  "contents":
  [{"typeinfo": null,
    "semanticType": "Keyword",
    "raw": "simp",
    "link": null,
    "docstring":
    "The `simp` tactic uses lemmas and hypotheses to simplify the main goal target or non-dependent hypotheses. It has many variants.\n- `simp` simplifies the main goal target using lemmas tagged with the attribute `[simp]`.\n- `simp [h₁, h₂, ..., hₙ]` simplifies the main goal target using the lemmas tagged with the attribute `[simp]` and the given `hᵢ`'s, where the `hᵢ`'s are expressions. If an `hᵢ` is a defined constant `f`, then the equational lemmas associated with `f` are used. This provides a convenient way to unfold `f`.\n- `simp [*]` simplifies the main goal target using the lemmas tagged with the attribute `[simp]` and all hypotheses.\n- `simp only [h₁, h₂, ..., hₙ]` is like `simp [h₁, h₂, ..., hₙ]` but does not use `[simp]` lemmas\n- `simp [-id₁, ..., -idₙ]` simplifies the main goal target using the lemmas tagged with the attribute `[simp]`, but removes the ones named `idᵢ`.\n- `simp at h₁ h₂ ... hₙ` simplifies the hypotheses `h₁ : T₁` ... `hₙ : Tₙ`. If the target or another hypothesis depends on `hᵢ`, a new simplified hypothesis `hᵢ` is introduced, but the old one remains in the local context.\n- `simp at *` simplifies all the hypotheses and the target.\n- `simp [*] at *` simplifies target and all (propositional) hypotheses using the other hypotheses.\n",
    "_type": "token"}],
  "_type": "sentence"},
 {"contents":
  [{"typeinfo": null,
    "semanticType": null,
    "raw": "\n\n",
    "link": null,
    "docstring": null,
    "_type": "token"},
   {"typeinfo": null,
    "semanticType": "Keyword",
    "raw": "def",
    "link": null,
    "docstring": null,
    "_type": "token"},
   {"typeinfo": null,
    "semanticType": null,
    "raw": " ",
    "link": null,
    "docstring": null,
    "_type": "token"},
   {"typeinfo":
    {"type": "Nat → Nat → Bool → Nat", "name": "f2", "_type": "typeinfo"},
    "semanticType": "Name.Variable",
    "raw": "f2",
    "link": null,
    "docstring": null,
    "_type": "token"},
   {"typeinfo": null,
    "semanticType": null,
    "raw": " : (",
    "link": null,
    "docstring": null,
    "_type": "token"},
   {"typeinfo": {"type": "Nat", "name": "x", "_type": "typeinfo"},
    "semanticType": "Name.Variable",
    "raw": "x",
    "link": null,
    "docstring": null,
    "_type": "token"},
   {"typeinfo": null,
    "semanticType": null,
    "raw": " ",
    "link": null,
    "docstring": null,
    "_type": "token"},
   {"typeinfo": {"type": "Nat", "name": "y", "_type": "typeinfo"},
    "semanticType": "Name.Variable",
    "raw": "y",
    "link": null,
    "docstring": null,
    "_type": "token"},
   {"typeinfo": null,
    "semanticType": null,
    "raw": " : ",
    "link": null,
    "docstring": null,
    "_type": "token"},
   {"typeinfo": {"type": "Type", "name": "Nat", "_type": "typeinfo"},
    "semanticType": null,
    "raw": "Nat",
    "link": null,
    "docstring": null,
    "_type": "token"},
   {"typeinfo": null,
    "semanticType": null,
    "raw": ") → (",
    "link": null,
    "docstring": null,
    "_type": "token"},
   {"typeinfo": {"type": "Bool", "name": "b", "_type": "typeinfo"},
    "semanticType": "Name.Variable",
    "raw": "b",
    "link": null,
    "docstring": null,
    "_type": "token"},
   {"typeinfo": null,
    "semanticType": null,
    "raw": " : ",
    "link": null,
    "docstring": null,
    "_type": "token"},
   {"typeinfo": {"type": "Type", "name": "Bool", "_type": "typeinfo"},
    "semanticType": null,
    "raw": "Bool",
    "link": null,
    "docstring": null,
    "_type": "token"},
   {"typeinfo": null,
    "semanticType": null,
    "raw": ") → ",
    "link": null,
    "docstring": null,
    "_type": "token"},
   {"typeinfo": {"type": "Type", "name": "Nat", "_type": "typeinfo"},
    "semanticType": null,
    "raw": "Nat",
    "link": null,
    "docstring": null,
    "_type": "token"},
   {"typeinfo": null,
    "semanticType": null,
    "raw": " :=\n  ",
    "link": null,
    "docstring": null,
    "_type": "token"},
   {"typeinfo": null,
    "semanticType": "Keyword",
    "raw": "fun",
    "link": null,
    "docstring": null,
    "_type": "token"},
   {"typeinfo": null,
    "semanticType": null,
    "raw": " ",
    "link": null,
    "docstring": null,
    "_type": "token"},
   {"typeinfo": {"type": "Nat", "name": "x", "_type": "typeinfo"},
    "semanticType": "Name.Variable",
    "raw": "x",
    "link": null,
    "docstring": null,
    "_type": "token"},
   {"typeinfo": null,
    "semanticType": null,
    "raw": " ",
    "link": null,
    "docstring": null,
    "_type": "token"},
   {"typeinfo": {"type": "Nat", "name": "y", "_type": "typeinfo"},
    "semanticType": "Name.Variable",
    "raw": "y",
    "link": null,
    "docstring": null,
    "_type": "token"},
   {"typeinfo": null,
    "semanticType": null,
    "raw": " ",
    "link": null,
    "docstring": null,
    "_type": "token"},
   {"typeinfo": {"type": "Bool", "name": "b", "_type": "typeinfo"},
    "semanticType": "Name.Variable",
    "raw": "b",
    "link": null,
    "docstring": null,
    "_type": "token"},
   {"typeinfo": null,
    "semanticType": null,
    "raw": " =>\n    ",
    "link": null,
    "docstring": null,
    "_type": "token"},
   {"typeinfo": null,
    "semanticType": "Keyword",
    "raw": "let",
    "link": null,
    "docstring": null,
    "_type": "token"},
   {"typeinfo": null,
    "semanticType": null,
    "raw": " (",
    "link": null,
    "docstring": null,
    "_type": "token"},
   {"typeinfo": {"type": "Nat", "name": "z", "_type": "typeinfo"},
    "semanticType": "Name.Variable",
    "raw": "z",
    "link": null,
    "docstring": null,
    "_type": "token"},
   {"typeinfo": null,
    "semanticType": null,
    "raw": ", ",
    "link": null,
    "docstring": null,
    "_type": "token"},
   {"typeinfo": {"type": "Nat", "name": "w", "_type": "typeinfo"},
    "semanticType": "Name.Variable",
    "raw": "w",
    "link": null,
    "docstring": null,
    "_type": "token"},
   {"typeinfo": null,
    "semanticType": null,
    "raw": ") := (",
    "link": null,
    "docstring": null,
    "_type": "token"},
   {"typeinfo": {"type": "Nat", "name": "x", "_type": "typeinfo"},
    "semanticType": "Name.Variable",
    "raw": "x",
    "link": null,
    "docstring": null,
    "_type": "token"},
   {"typeinfo": null,
    "semanticType": null,
    "raw": " + ",
    "link": null,
    "docstring": null,
    "_type": "token"},
   {"typeinfo": {"type": "Nat", "name": "y", "_type": "typeinfo"},
    "semanticType": "Name.Variable",
    "raw": "y",
    "link": null,
    "docstring": null,
    "_type": "token"},
   {"typeinfo": null,
    "semanticType": null,
    "raw": ", ",
    "link": null,
    "docstring": null,
    "_type": "token"},
   {"typeinfo": {"type": "Nat", "name": "x", "_type": "typeinfo"},
    "semanticType": "Name.Variable",
    "raw": "x",
    "link": null,
    "docstring": null,
    "_type": "token"},
   {"typeinfo": null,
    "semanticType": null,
    "raw": " - ",
    "link": null,
    "docstring": null,
    "_type": "token"},
   {"typeinfo": {"type": "Nat", "name": "y", "_type": "typeinfo"},
    "semanticType": "Name.Variable",
    "raw": "y",
    "link": null,
    "docstring": null,
    "_type": "token"},
   {"typeinfo": null,
    "semanticType": null,
    "raw": ")\n    ",
    "link": null,
    "docstring": null,
    "_type": "token"},
   {"typeinfo": null,
    "semanticType": "Keyword",
    "raw": "let",
    "link": null,
    "docstring": null,
    "_type": "token"},
   {"typeinfo": null,
    "semanticType": null,
    "raw": " ",
    "link": null,
    "docstring": null,
    "_type": "token"},
   {"typeinfo": {"type": "Nat", "name": "z1", "_type": "typeinfo"},
    "semanticType": "Name.Variable",
    "raw": "z1",
    "link": null,
    "docstring": null,
    "_type": "token"},
   {"typeinfo": null,
    "semanticType": null,
    "raw": " := ",
    "link": null,
    "docstring": null,
    "_type": "token"},
   {"typeinfo": {"type": "Nat", "name": "z", "_type": "typeinfo"},
    "semanticType": "Name.Variable",
    "raw": "z",
    "link": null,
    "docstring": null,
    "_type": "token"},
   {"typeinfo": null,
    "semanticType": null,
    "raw": " + ",
    "link": null,
    "docstring": null,
    "_type": "token"},
   {"typeinfo": {"type": "Nat", "name": "w", "_type": "typeinfo"},
    "semanticType": "Name.Variable",
    "raw": "w",
    "link": null,
    "docstring": null,
    "_type": "token"},
   {"typeinfo": null,
    "semanticType": null,
    "raw": "\n    ",
    "link": null,
    "docstring": null,
    "_type": "token"},
   {"typeinfo": {"type": "Nat", "name": "z", "_type": "typeinfo"},
    "semanticType": "Name.Variable",
    "raw": "z",
    "link": null,
    "docstring": null,
    "_type": "token"},
   {"typeinfo": null,
    "semanticType": null,
    "raw": " + ",
    "link": null,
    "docstring": null,
    "_type": "token"},
   {"typeinfo": {"type": "Nat", "name": "z1", "_type": "typeinfo"},
    "semanticType": "Name.Variable",
    "raw": "z1",
    "link": null,
    "docstring": null,
    "_type": "token"},
   {"typeinfo": null,
    "semanticType": null,
    "raw": "\n\n",
    "link": null,
    "docstring": null,
    "_type": "token"},
   {"typeinfo": null,
    "semanticType": "Keyword",
    "raw": "def",
    "link": null,
    "docstring": null,
    "_type": "token"},
   {"typeinfo": null,
    "semanticType": null,
    "raw": " ",
    "link": null,
    "docstring": null,
    "_type": "token"},
   {"typeinfo":
    {"type": "Nat × Array (Array Nat) → Array Nat",
     "name": "f3",
     "_type": "typeinfo"},
    "semanticType": "Name.Variable",
    "raw": "f3",
    "link": null,
    "docstring": null,
    "_type": "token"},
   {"typeinfo": null,
    "semanticType": null,
    "raw": " (",
    "link": null,
    "docstring": null,
    "_type": "token"},
   {"typeinfo":
    {"type": "Nat × Array (Array Nat)", "name": "s", "_type": "typeinfo"},
    "semanticType": "Name.Variable",
    "raw": "s",
    "link": null,
    "docstring": null,
    "_type": "token"},
   {"typeinfo": null,
    "semanticType": null,
    "raw": " : ",
    "link": null,
    "docstring": null,
    "_type": "token"},
   {"typeinfo": {"type": "Type", "name": "Nat", "_type": "typeinfo"},
    "semanticType": null,
    "raw": "Nat",
    "link": null,
    "docstring": null,
    "_type": "token"},
   {"typeinfo": null,
    "semanticType": null,
    "raw": " × ",
    "link": null,
    "docstring": null,
    "_type": "token"},
   {"typeinfo": {"type": "Type → Type", "name": "Array", "_type": "typeinfo"},
    "semanticType": null,
    "raw": "Array",
    "link": null,
    "docstring": null,
    "_type": "token"},
   {"typeinfo": null,
    "semanticType": null,
    "raw": " (",
    "link": null,
    "docstring": null,
    "_type": "token"},
   {"typeinfo": {"type": "Type → Type", "name": "Array", "_type": "typeinfo"},
    "semanticType": null,
    "raw": "Array",
    "link": null,
    "docstring": null,
    "_type": "token"},
   {"typeinfo": null,
    "semanticType": null,
    "raw": " ",
    "link": null,
    "docstring": null,
    "_type": "token"},
   {"typeinfo": {"type": "Type", "name": "Nat", "_type": "typeinfo"},
    "semanticType": null,
    "raw": "Nat",
    "link": null,
    "docstring": null,
    "_type": "token"},
   {"typeinfo": null,
    "semanticType": null,
    "raw": ")) : ",
    "link": null,
    "docstring": null,
    "_type": "token"},
   {"typeinfo": {"type": "Type → Type", "name": "Array", "_type": "typeinfo"},
    "semanticType": null,
    "raw": "Array",
    "link": null,
    "docstring": null,
    "_type": "token"},
   {"typeinfo": null,
    "semanticType": null,
    "raw": " ",
    "link": null,
    "docstring": null,
    "_type": "token"},
   {"typeinfo": {"type": "Type", "name": "Nat", "_type": "typeinfo"},
    "semanticType": null,
    "raw": "Nat",
    "link": null,
    "docstring": null,
    "_type": "token"},
   {"typeinfo": null,
    "semanticType": null,
    "raw": " :=\n  ",
    "link": null,
    "docstring": null,
    "_type": "token"},
   {"typeinfo":
    {"type": "Nat × Array (Array Nat)", "name": "s", "_type": "typeinfo"},
    "semanticType": "Name.Variable",
    "raw": "s",
    "link": null,
    "docstring": null,
    "_type": "token"},
   {"typeinfo": null,
    "semanticType": null,
    "raw": ".",
    "link": null,
    "docstring": null,
    "_type": "token"},
   {"typeinfo":
    {"type": "{α β : Type} → α × β → β", "name": "2", "_type": "typeinfo"},
    "semanticType": null,
    "raw": "2",
    "link": null,
    "docstring": null,
    "_type": "token"},
   {"typeinfo":
    {"type": "{α : Type} → [inst : Inhabited α] → Array α → Nat → α",
     "name": "[",
     "_type": "typeinfo"},
    "semanticType": null,
    "raw": "[",
    "link": null,
    "docstring": null,
    "_type": "token"},
   {"typeinfo": {"type": "Nat", "name": "1", "_type": "typeinfo"},
    "semanticType": null,
    "raw": "1",
    "link": null,
    "docstring": null,
    "_type": "token"},
   {"typeinfo": null,
    "semanticType": null,
    "raw": "].",
    "link": null,
    "docstring": null,
    "_type": "token"},
   {"typeinfo":
    {"type": "{α : Type} → Array α → α → Array α",
     "name": "push",
     "_type": "typeinfo"},
    "semanticType": "Name.Attribute",
    "raw": "push",
    "link": null,
    "docstring": null,
    "_type": "token"},
   {"typeinfo": null,
    "semanticType": null,
    "raw": " ",
    "link": null,
    "docstring": null,
    "_type": "token"},
   {"typeinfo":
    {"type": "Nat × Array (Array Nat)", "name": "s", "_type": "typeinfo"},
    "semanticType": "Name.Variable",
    "raw": "s",
    "link": null,
    "docstring": null,
    "_type": "token"},
   {"typeinfo": null,
    "semanticType": null,
    "raw": ".",
    "link": null,
    "docstring": null,
    "_type": "token"},
   {"typeinfo":
    {"type": "{α β : Type} → α × β → α", "name": "1", "_type": "typeinfo"},
    "semanticType": null,
    "raw": "1",
    "link": null,
    "docstring": null,
    "_type": "token"},
   {"typeinfo": null,
    "semanticType": null,
    "raw": "\n\n",
    "link": null,
    "docstring": null,
    "_type": "token"},
   {"typeinfo": null,
    "semanticType": "Keyword",
    "raw": "def",
    "link": null,
    "docstring": null,
    "_type": "token"},
   {"typeinfo": null,
    "semanticType": null,
    "raw": " ",
    "link": null,
    "docstring": null,
    "_type": "token"},
   {"typeinfo": {"type": "B → Nat", "name": "f4", "_type": "typeinfo"},
    "semanticType": "Name.Variable",
    "raw": "f4",
    "link": null,
    "docstring": null,
    "_type": "token"},
   {"typeinfo": null,
    "semanticType": null,
    "raw": " (",
    "link": null,
    "docstring": null,
    "_type": "token"},
   {"typeinfo": {"type": "B", "name": "arg", "_type": "typeinfo"},
    "semanticType": "Name.Variable",
    "raw": "arg",
    "link": null,
    "docstring": null,
    "_type": "token"},
   {"typeinfo": null,
    "semanticType": null,
    "raw": " : ",
    "link": null,
    "docstring": null,
    "_type": "token"},
   {"typeinfo": {"type": "Type", "name": "B", "_type": "typeinfo"},
    "semanticType": null,
    "raw": "B",
    "link": null,
    "docstring": null,
    "_type": "token"},
   {"typeinfo": null,
    "semanticType": null,
    "raw": ") : ",
    "link": null,
    "docstring": null,
    "_type": "token"},
   {"typeinfo": {"type": "Type", "name": "Nat", "_type": "typeinfo"},
    "semanticType": null,
    "raw": "Nat",
    "link": null,
    "docstring": null,
    "_type": "token"},
   {"typeinfo": null,
    "semanticType": null,
    "raw": " :=\n  ",
    "link": null,
    "docstring": null,
    "_type": "token"},
   {"typeinfo": {"type": "B", "name": "arg", "_type": "typeinfo"},
    "semanticType": "Name.Variable",
    "raw": "arg",
    "link": null,
    "docstring": null,
    "_type": "token"},
   {"typeinfo": null,
    "semanticType": null,
    "raw": ".",
    "link": null,
    "docstring": null,
    "_type": "token"},
   {"typeinfo": {"type": "B → A × A", "name": "pair", "_type": "typeinfo"},
    "semanticType": null,
    "raw": "pair",
    "link": null,
    "docstring": null,
    "_type": "token"},
   {"typeinfo": null,
    "semanticType": null,
    "raw": ".",
    "link": null,
    "docstring": null,
    "_type": "token"},
   {"typeinfo":
    {"type": "{α β : Type} → α × β → α", "name": "fst", "_type": "typeinfo"},
    "semanticType": null,
    "raw": "fst",
    "link": null,
    "docstring": null,
    "_type": "token"},
   {"typeinfo": null,
    "semanticType": null,
    "raw": ".",
    "link": null,
    "docstring": null,
    "_type": "token"},
   {"typeinfo": {"type": "A → Nat → Nat", "name": "val", "_type": "typeinfo"},
    "semanticType": null,
    "raw": "val",
    "link": null,
    "docstring": null,
    "_type": "token"},
   {"typeinfo": null,
    "semanticType": null,
    "raw": " ",
    "link": null,
    "docstring": null,
    "_type": "token"},
   {"typeinfo": {"type": "Nat", "name": "0", "_type": "typeinfo"},
    "semanticType": null,
    "raw": "0",
    "link": null,
    "docstring": null,
    "_type": "token"},
   {"typeinfo": null,
    "semanticType": null,
    "raw": "\n\n",
    "link": null,
    "docstring": null,
    "_type": "token"},
   {"typeinfo": null,
    "semanticType": "Keyword",
    "raw": "def",
    "link": null,
    "docstring": null,
    "_type": "token"},
   {"typeinfo": null,
    "semanticType": null,
    "raw": " ",
    "link": null,
    "docstring": null,
    "_type": "token"},
   {"typeinfo": {"type": "Nat → B", "name": "f5", "_type": "typeinfo"},
    "semanticType": "Name.Variable",
    "raw": "f5",
    "link": null,
    "docstring": null,
    "_type": "token"},
   {"typeinfo": null,
    "semanticType": null,
    "raw": " (",
    "link": null,
    "docstring": null,
    "_type": "token"},
   {"typeinfo": {"type": "Nat", "name": "x", "_type": "typeinfo"},
    "semanticType": "Name.Variable",
    "raw": "x",
    "link": null,
    "docstring": null,
    "_type": "token"},
   {"typeinfo": null,
    "semanticType": null,
    "raw": " : ",
    "link": null,
    "docstring": null,
    "_type": "token"},
   {"typeinfo": {"type": "Type", "name": "Nat", "_type": "typeinfo"},
    "semanticType": null,
    "raw": "Nat",
    "link": null,
    "docstring": null,
    "_type": "token"},
   {"typeinfo": null,
    "semanticType": null,
    "raw": ") : ",
    "link": null,
    "docstring": null,
    "_type": "token"},
   {"typeinfo": {"type": "Type", "name": "B", "_type": "typeinfo"},
    "semanticType": null,
    "raw": "B",
    "link": null,
    "docstring": null,
    "_type": "token"},
   {"typeinfo": null,
    "semanticType": null,
    "raw": " := {\n  pair := ({ val := ",
    "link": null,
    "docstring": null,
    "_type": "token"},
   {"typeinfo":
    {"type": "{α : Type} → α → α", "name": "id", "_type": "typeinfo"},
    "semanticType": null,
    "raw": "id",
    "link": null,
    "docstring": null,
    "_type": "token"},
   {"typeinfo": null,
    "semanticType": null,
    "raw": " }, { val := ",
    "link": null,
    "docstring": null,
    "_type": "token"},
   {"typeinfo":
    {"type": "{α : Type} → α → α", "name": "id", "_type": "typeinfo"},
    "semanticType": null,
    "raw": "id",
    "link": null,
    "docstring": null,
    "_type": "token"},
   {"typeinfo": null,
    "semanticType": null,
    "raw": " })\n}\n\n",
    "link": null,
    "docstring": null,
    "_type": "token"},
   {"typeinfo": null,
    "semanticType": "Keyword",
    "raw": "open",
    "link": null,
    "docstring": null,
    "_type": "token"},
   {"typeinfo": null,
    "semanticType": null,
    "raw": " Nat ",
    "link": null,
    "docstring": null,
    "_type": "token"},
   {"typeinfo": null,
    "semanticType": "Keyword",
    "raw": "in",
    "link": null,
    "docstring": null,
    "_type": "token"},
   {"typeinfo": null,
    "semanticType": null,
    "raw": "\n",
    "link": null,
    "docstring": null,
    "_type": "token"}],
  "_type": "text"},
 {"messages":
  [{"contents": "def Nat.xor : Nat → Nat → Nat :=\nbitwise bne",
    "_type": "message"}],
  "goals": [],
  "contents":
  [{"typeinfo": null,
    "semanticType": "Keyword",
    "raw": "#print",
    "link": null,
    "docstring": null,
    "_type": "token"}],
  "_type": "sentence"},
 {"contents":
  [{"typeinfo": null,
    "semanticType": null,
    "raw": " ",
    "link": null,
    "docstring": null,
    "_type": "token"},
   {"typeinfo": {"type": "Nat → Nat → Nat", "name": "xor", "_type": "typeinfo"},
    "semanticType": null,
    "raw": "xor",
    "link": null,
    "docstring": null,
    "_type": "token"},
   {"typeinfo": null,
    "semanticType": null,
    "raw": "\n",
    "link": null,
    "docstring": null,
    "_type": "token"},
   {"typeinfo": null,
    "semanticType": "Keyword",
    "raw": "instance",
    "link": null,
    "docstring": null,
    "_type": "token"},
   {"typeinfo": null,
    "semanticType": null,
    "raw": " : Inhabited Nat ",
    "link": null,
    "docstring": null,
    "_type": "token"},
   {"typeinfo": null,
    "semanticType": "Keyword",
    "raw": "where",
    "link": null,
    "docstring": null,
    "_type": "token"},
   {"typeinfo": null,
    "semanticType": null,
    "raw": "\n\n",
    "link": null,
    "docstring": null,
    "_type": "token"},
   {"typeinfo": null,
    "semanticType": "Keyword",
    "raw": "macro",
    "link": null,
    "docstring": null,
    "_type": "token"}],
  "_type": "text"}]