[{"contents":
  [{"typeinfo": null,
    "semanticType": "Keyword",
    "raw": "def",
    "link": null,
    "docstring": null,
    "_type": "token"},
   {"typeinfo": null,
    "semanticType": null,
    "raw": " ",
    "link": null,
    "docstring": null,
    "_type": "token"},
   {"typeinfo": {"type": "Nat → Nat → Nat", "name": "add", "_type": "typeinfo"},
    "semanticType": "Name.Variable",
    "raw": "add",
    "link": null,
    "docstring": null,
    "_type": "token"},
   {"typeinfo": null,
    "semanticType": null,
    "raw": " (",
    "link": null,
    "docstring": null,
    "_type": "token"},
   {"typeinfo": {"type": "Nat", "name": "x", "_type": "typeinfo"},
    "semanticType": "Name.Variable",
    "raw": "x",
    "link": null,
    "docstring": null,
    "_type": "token"},
   {"typeinfo": null,
    "semanticType": null,
    "raw": " ",
    "link": null,
    "docstring": null,
    "_type": "token"},
   {"typeinfo": {"type": "Nat", "name": "y", "_type": "typeinfo"},
    "semanticType": "Name.Variable",
    "raw": "y",
    "link": null,
    "docstring": null,
    "_type": "token"},
   {"typeinfo": null,
    "semanticType": null,
    "raw": " : ",
    "link": null,
    "docstring": null,
    "_type": "token"},
   {"typeinfo": {"type": "Type", "name": "Nat", "_type": "typeinfo"},
    "semanticType": null,
    "raw": "Nat",
    "link": null,
    "docstring": null,
    "_type": "token"},
   {"typeinfo": null,
    "semanticType": null,
    "raw": ") := ",
    "link": null,
    "docstring": null,
    "_type": "token"},
   {"typeinfo": {"type": "Nat", "name": "x", "_type": "typeinfo"},
    "semanticType": "Name.Variable",
    "raw": "x",
    "link": null,
    "docstring": null,
    "_type": "token"},
   {"typeinfo": null,
    "semanticType": null,
    "raw": " + ",
    "link": null,
    "docstring": null,
    "_type": "token"},
   {"typeinfo": {"type": "Nat", "name": "y", "_type": "typeinfo"},
    "semanticType": "Name.Variable",
    "raw": "y",
    "link": null,
    "docstring": null,
    "_type": "token"}],
  "_type": "text"}]